c:\users\fw\desktop\seabattlecpp2\seabattlecpp\x64\debug\vc143.pdb
c:\users\fw\desktop\seabattlecpp2\seabattlecpp\x64\debug\.netframework,version=v4.7.2.assemblyattributes.obj
c:\users\fw\desktop\seabattlecpp2\seabattlecpp\x64\debug\mainform.obj
c:\users\fw\desktop\seabattlecpp2\seabattlecpp\x64\debug\gamemode.obj
c:\users\fw\desktop\seabattlecpp2\seabattlecpp\x64\debug\gameengine1.obj
c:\users\fw\desktop\seabattlecpp2\seabattlecpp\x64\debug\choosemodeform.obj
c:\users\fw\desktop\seabattlecpp2\x64\debug\seabattlecpp.exe
c:\users\fw\desktop\seabattlecpp2\seabattlecpp\x64\debug\seabattlecpp.vcxproj.assemblyreference.cache
c:\users\fw\desktop\seabattlecpp2\seabattlecpp\x64\debug\seabattlecpp.vcxproj.cppwinrt_comp.cache
c:\users\fw\desktop\seabattlecpp2\seabattlecpp\x64\debug\seabattlecpp.vcxproj.cppwinrt_plat.cache
c:\users\fw\desktop\seabattlecpp2\seabattlecpp\x64\debug\seabattlecpp.vcxproj.generateresource.cache
c:\users\fw\desktop\seabattlecpp2\seabattlecpp\x64\debug\seabattlecpp.vcxproj.mdmergeinputs.cache
c:\users\fw\desktop\seabattlecpp2\seabattlecpp\x64\debug\seabattlecpp.choosemodeform.resources
c:\users\fw\desktop\seabattlecpp2\seabattlecpp\x64\debug\seabattlecpp.mainform.resources
c:\users\fw\desktop\seabattlecpp2\seabattlecpp\x64\debug\seabattlecpp.vcxproj.cppwinrt_comp.rsp
c:\users\fw\desktop\seabattlecpp2\seabattlecpp\x64\debug\seabattlecpp.vcxproj.cppwinrt_plat.rsp
c:\users\fw\desktop\seabattlecpp2\seabattlecpp\x64\debug\seabattlecpp.vcxproj.mdmerge.rsp
c:\users\fw\desktop\seabattlecpp2\seabattlecpp\x64\debug\seabattlecpp.vcxproj.midlrt.rsp
c:\users\fw\desktop\seabattlecpp2\x64\debug\seabattlecpp.pdb
c:\users\fw\desktop\seabattlecpp2\seabattlecpp\x64\debug\seabattlecpp.tlog\cl.command.1.tlog
c:\users\fw\desktop\seabattlecpp2\seabattlecpp\x64\debug\seabattlecpp.tlog\cl.read.1.tlog
c:\users\fw\desktop\seabattlecpp2\seabattlecpp\x64\debug\seabattlecpp.tlog\cl.write.1.tlog
c:\users\fw\desktop\seabattlecpp2\seabattlecpp\x64\debug\seabattlecpp.tlog\link.26812.read.1.tlog
c:\users\fw\desktop\seabattlecpp2\seabattlecpp\x64\debug\seabattlecpp.tlog\link.26812.read.2.tlog
c:\users\fw\desktop\seabattlecpp2\seabattlecpp\x64\debug\seabattlecpp.tlog\link.26812.read.3.tlog
c:\users\fw\desktop\seabattlecpp2\seabattlecpp\x64\debug\seabattlecpp.tlog\link.26812.read.4.tlog
c:\users\fw\desktop\seabattlecpp2\seabattlecpp\x64\debug\seabattlecpp.tlog\link.26812.write.1.tlog
c:\users\fw\desktop\seabattlecpp2\seabattlecpp\x64\debug\seabattlecpp.tlog\link.32732.read.1.tlog
c:\users\fw\desktop\seabattlecpp2\seabattlecpp\x64\debug\seabattlecpp.tlog\link.32732.read.2.tlog
c:\users\fw\desktop\seabattlecpp2\seabattlecpp\x64\debug\seabattlecpp.tlog\link.32732.read.3.tlog
c:\users\fw\desktop\seabattlecpp2\seabattlecpp\x64\debug\seabattlecpp.tlog\link.32732.read.4.tlog
c:\users\fw\desktop\seabattlecpp2\seabattlecpp\x64\debug\seabattlecpp.tlog\link.32732.write.1.tlog
c:\users\fw\desktop\seabattlecpp2\seabattlecpp\x64\debug\seabattlecpp.tlog\link.35836.read.1.tlog
c:\users\fw\desktop\seabattlecpp2\seabattlecpp\x64\debug\seabattlecpp.tlog\link.35836.read.2.tlog
c:\users\fw\desktop\seabattlecpp2\seabattlecpp\x64\debug\seabattlecpp.tlog\link.35836.read.3.tlog
c:\users\fw\desktop\seabattlecpp2\seabattlecpp\x64\debug\seabattlecpp.tlog\link.35836.read.5.tlog
c:\users\fw\desktop\seabattlecpp2\seabattlecpp\x64\debug\seabattlecpp.tlog\link.35836.write.1.tlog
c:\users\fw\desktop\seabattlecpp2\seabattlecpp\x64\debug\seabattlecpp.tlog\link.command.1.tlog
c:\users\fw\desktop\seabattlecpp2\seabattlecpp\x64\debug\seabattlecpp.tlog\link.read.1.tlog
c:\users\fw\desktop\seabattlecpp2\seabattlecpp\x64\debug\seabattlecpp.tlog\link.read.2.tlog
c:\users\fw\desktop\seabattlecpp2\seabattlecpp\x64\debug\seabattlecpp.tlog\link.read.3.tlog
c:\users\fw\desktop\seabattlecpp2\seabattlecpp\x64\debug\seabattlecpp.tlog\link.read.4.tlog
c:\users\fw\desktop\seabattlecpp2\seabattlecpp\x64\debug\seabattlecpp.tlog\link.write.1.tlog
c:\users\fw\desktop\seabattlecpp2\seabattlecpp\x64\debug\seabattlecpp.tlog\metagen.read.1.tlog
c:\users\fw\desktop\seabattlecpp2\seabattlecpp\x64\debug\seabattlecpp.tlog\metagen.write.1.tlog
c:\users\fw\desktop\seabattlecpp2\seabattlecpp\x64\debug\seabattlecpp.tlog\resgen.command.1.tlog
c:\users\fw\desktop\seabattlecpp2\seabattlecpp\x64\debug\seabattlecpp.tlog\resgen.read.1.tlog
c:\users\fw\desktop\seabattlecpp2\seabattlecpp\x64\debug\seabattlecpp.tlog\resgen.write.1.tlog
